
> frontend@0.0.0 build
> tsc -b && vite build

src/pages/planejamento/PlanejamentoFormPage.tsx(5,5): error TS6133: 'Divider' is declared but its value is never read.
src/pages/planejamento/PlanejamentoFormPage.tsx(12,33): error TS2307: Cannot find module '../../services/produtosService' or its corresponding type declarations.
src/pages/planejamento/PlanejamentoFormPage.tsx(15,30): error TS2307: Cannot find module '../../services/produtosService' or its corresponding type declarations.
src/pages/planejamento/PlanejamentoFormPage.tsx(32,53): error TS6133: 'setValue' is declared but its value is never read.
