Error: 
Invalid `prisma.usuario.findMany()` invocation in
C:\Users\luckh\Desktop\Malut Soluções\backend\update_user.ts:8:44

  5 
  6 async function main() {
  7     try {
→ 8         const users = await prisma.usuario.findMany(
Can't reach database server at `localhost:5435`

Please make sure your database server is running at `localhost:5435`.
PrismaClientInitializationError: 
Invalid `prisma.usuario.findMany()` invocation in
C:\Users\luckh\Desktop\Malut Soluções\backend\update_user.ts:8:44

  5 
  6 async function main() {
  7     try {
→ 8         const users = await prisma.usuario.findMany(
Can't reach database server at `localhost:5435`

Please make sure your database server is running at `localhost:5435`.
    at $n.handleRequestError (C:\Users\luckh\Desktop\Malut Soluções\backend\node_modules\@prisma\client\runtime\library.js:121:7615)
    at $n.handleAndLogRequestError (C:\Users\luckh\Desktop\Malut Soluções\backend\node_modules\@prisma\client\runtime\library.js:121:6623)
    at $n.request (C:\Users\luckh\Desktop\Malut Soluções\backend\node_modules\@prisma\client\runtime\library.js:121:6307)
    at async l (C:\Users\luckh\Desktop\Malut Soluções\backend\node_modules\@prisma\client\runtime\library.js:130:9633)
    at async main (C:\Users\luckh\Desktop\Malut Soluções\backend\update_user.ts:8:23)